"fn" : source.stark storage.type.function.stark
"f" : source.stark entity.name.function.stark
"(" : source.stark punctuation.brackets.round.stark
")" : source.stark punctuation.brackets.round.stark
"{" : source.stark punctuation.brackets.curly.stark
"let" : source.stark storage.modifier.stark
"input" : source.stark variable.other.stark
"=" : source.stark keyword.operator.assignment.stark
"1" : source.stark constant.numeric.integer.decimal.stark
";" : source.stark punctuation.separator.stark
"let" : source.stark storage.modifier.stark
"output" : source.stark variable.other.stark
"=" : source.stark keyword.operator.assignment.stark
"input" : source.stark variable.other.stark
"+" : source.stark keyword.operator.arithmetic.stark
"1" : source.stark constant.numeric.integer.decimal.stark
";" : source.stark punctuation.separator.stark
"let" : source.stark storage.modifier.stark
"model" : source.stark variable.other.stark
"=" : source.stark keyword.operator.assignment.stark
"output" : source.stark variable.other.stark
";" : source.stark punctuation.separator.stark
"let" : source.stark storage.modifier.stark
"device" : source.stark variable.other.stark
"=" : source.stark keyword.operator.assignment.stark
"model" : source.stark variable.other.stark
";" : source.stark punctuation.separator.stark
"call" : source.stark entity.name.function.stark
"(" : source.stark punctuation.brackets.round.stark
"input" : source.stark variable.other.stark
"," : source.stark punctuation.separator.stark
"output" : source.stark variable.other.stark
")" : source.stark punctuation.brackets.round.stark
";" : source.stark punctuation.separator.stark
"}" : source.stark punctuation.brackets.curly.stark
"model" : source.stark storage.type.model.stark keyword.declaration.stark
"M" : source.stark entity.name.type.model.stark
"<" : source.stark keyword.operator.comparison.stark
"B" : source.stark entity.name.type.stark
":" : source.stark punctuation.separator.stark
"Dim" : source.stark support.type.tensor.stark
">" : source.stark keyword.operator.comparison.stark
"{" : source.stark punctuation.brackets.curly.stark
"input" : source.stark keyword.other.tensor.stark
"x" : source.stark variable.other.stark
":" : source.stark punctuation.separator.stark
"Tensor" : source.stark support.type.tensor.stark
"<" : source.stark keyword.operator.comparison.stark
"Float32" : source.stark support.type.primitive.stark
"," : source.stark punctuation.separator.stark
"[" : source.stark punctuation.brackets.square.stark
"B" : source.stark entity.name.type.stark
"]" : source.stark punctuation.brackets.square.stark
">" : source.stark keyword.operator.comparison.stark
";" : source.stark punctuation.separator.stark
"output" : source.stark keyword.other.tensor.stark
"y" : source.stark variable.other.stark
":" : source.stark punctuation.separator.stark
"Tensor" : source.stark support.type.tensor.stark
"<" : source.stark keyword.operator.comparison.stark
"Float32" : source.stark support.type.primitive.stark
"," : source.stark punctuation.separator.stark
"[" : source.stark punctuation.brackets.square.stark
"B" : source.stark entity.name.type.stark
"]" : source.stark punctuation.brackets.square.stark
">" : source.stark keyword.operator.comparison.stark
";" : source.stark punctuation.separator.stark
"}" : source.stark punctuation.brackets.curly.stark
