"let" : source.stark storage.modifier.stark
"t" : source.stark variable.other.stark
":" : source.stark punctuation.separator.stark
"Tensor" : source.stark support.type.tensor.stark
"<" : source.stark keyword.operator.comparison.stark
"Float32" : source.stark support.type.primitive.stark
"," : source.stark punctuation.separator.stark
"[" : source.stark punctuation.brackets.square.stark
"1" : source.stark constant.numeric.integer.decimal.stark
"," : source.stark punctuation.separator.stark
"3" : source.stark constant.numeric.integer.decimal.stark
"," : source.stark punctuation.separator.stark
"224" : source.stark constant.numeric.integer.decimal.stark
"," : source.stark punctuation.separator.stark
"224" : source.stark constant.numeric.integer.decimal.stark
"]" : source.stark punctuation.brackets.square.stark
"," : source.stark punctuation.separator.stark
"range" : source.stark keyword.other.tensor.stark
"=" : source.stark keyword.operator.assignment.stark
"Normalized" : source.stark support.type.tensor.stark
">" : source.stark keyword.operator.comparison.stark
";" : source.stark punctuation.separator.stark
"let" : source.stark storage.modifier.stark
"u" : source.stark variable.other.stark
":" : source.stark punctuation.separator.stark
"Tensor" : source.stark support.type.tensor.stark
"<" : source.stark keyword.operator.comparison.stark
"UInt8" : source.stark support.type.primitive.stark
"," : source.stark punctuation.separator.stark
"[" : source.stark punctuation.brackets.square.stark
"100" : source.stark constant.numeric.integer.decimal.stark
"]" : source.stark punctuation.brackets.square.stark
"," : source.stark punctuation.separator.stark
"range" : source.stark keyword.other.tensor.stark
"=" : source.stark keyword.operator.assignment.stark
"ByteRange" : source.stark support.type.tensor.stark
">" : source.stark keyword.operator.comparison.stark
";" : source.stark punctuation.separator.stark
"let" : source.stark storage.modifier.stark
"v" : source.stark variable.other.stark
":" : source.stark punctuation.separator.stark
"Tensor" : source.stark support.type.tensor.stark
"<" : source.stark keyword.operator.comparison.stark
"Float32" : source.stark support.type.primitive.stark
"," : source.stark punctuation.separator.stark
"[" : source.stark punctuation.brackets.square.stark
"256" : source.stark constant.numeric.integer.decimal.stark
"]" : source.stark punctuation.brackets.square.stark
"," : source.stark punctuation.separator.stark
"range" : source.stark keyword.other.tensor.stark
"=" : source.stark keyword.operator.assignment.stark
"UnitRange" : source.stark support.type.tensor.stark
">" : source.stark keyword.operator.comparison.stark
";" : source.stark punctuation.separator.stark
